// Jest Snapshot v1, https://goo.gl/fbAQLP

exports[`<MyBudgetsTableItem /> should render and match the snapshot 1`] = `
<table>
  <tbody>
    <tr>
      <td>
        2012
      </td>
      <td>
        January
      </td>
      <td>
        100
      </td>
    </tr>
  </tbody>
</table>
`;
