// Jest Snapshot v1, https://goo.gl/fbAQLP

exports[`<ChargesTableHeader /> should render and match the snapshot 1`] = `
<table>
  <thead>
    <tr>
      <th>
        Date
      </th>
      <th>
        Value
      </th>
      <th>
        Type
      </th>
      <th />
    </tr>
  </thead>
</table>
`;
