// Jest Snapshot v1, https://goo.gl/fbAQLP

exports[`<Form /> should render abd match the snapshot 1`] = `
.c0 {
  margin: 1rem 0;
  display: -webkit-box;
  display: -webkit-flex;
  display: -ms-flexbox;
  display: flex;
}

<form
  class="c0"
/>
`;
