// Jest Snapshot v1, https://goo.gl/fbAQLP

exports[`<MonthsSelect /> should render and match the snapshot 1`] = `
.c0 {
  border: 1px solid rgba(220,120,95,1);
  border-radius: 0.3rem;
  padding: 0.2rem;
  -webkit-flex: 2;
  -ms-flex: 2;
  flex: 2;
}

.c0:hover {
  cursor: pointer;
}

<select
  class="Select-sc-5sdtip-0 c0"
/>
`;
