// Jest Snapshot v1, https://goo.gl/fbAQLP

exports[`<SearchForm /> should render and match the snapshot 1`] = `
.c2 {
  border: 1px solid rgba(220,120,95,1);
  border-radius: 0.3rem;
  padding: 0.2rem;
}

.c2:hover {
  cursor: pointer;
}

.c3 {
  -webkit-flex: 1;
  -ms-flex: 1;
  flex: 1;
  background-color: rgba(220,120,95,1);
  border: 1px solid rgba(220,120,95,1);
  border-radius: 0.5rem;
  min-height: 2rem;
}

.c3:hover {
  cursor: pointer;
  background-color: #fab9a9;
}

.c0 {
  margin: 1rem 0;
  display: -webkit-box;
  display: -webkit-flex;
  display: -ms-flexbox;
  display: flex;
}

.c1 {
  border: 1px solid rgba(220,120,95,1);
  border-radius: 0.3rem;
  padding: 0.2rem;
  -webkit-flex: 2;
  -ms-flex: 2;
  flex: 2;
}

.c1:hover {
  cursor: pointer;
}

<form
  class="c0"
>
  <select
    class="c1"
  >
    <option>
      January
    </option>
    <option>
      February
    </option>
    <option>
      December
    </option>
  </select>
  <select
    class="c2"
  >
    <option>
      2020
    </option>
    <option>
      2021
    </option>
  </select>
  <button
    class="c3"
  >
    Search
  </button>
</form>
`;
