// Jest Snapshot v1, https://goo.gl/fbAQLP

exports[`<CancelButton /> should be render and match the snapshot 1`] = `
.c0 {
  -webkit-flex: 1;
  -ms-flex: 1;
  flex: 1;
  -webkit-text-decoration: none;
  text-decoration: none;
  color: rgba(220,120,95,1);
  text-align: center;
}

.c0:hover {
  cursor: pointer;
  background-color: #fff5f2;
  border: 1px solid #fff5f2;
  border-radius: 0.5rem;
  min-height: 2rem;
}

<a
  class="c0"
/>
`;
