// Jest Snapshot v1, https://goo.gl/fbAQLP

exports[`<FormGroup /> should be render and match the snapshot 1`] = `
.c0 {
  display: -webkit-box;
  display: -webkit-flex;
  display: -ms-flexbox;
  display: flex;
  margin: 1.3rem;
}

<div
  class="c0"
/>
`;
