// Jest Snapshot v1, https://goo.gl/fbAQLP

exports[`<ColumnsContainer /> should be render and match the snapshot 1`] = `
.c0 {
  display: -webkit-box;
  display: -webkit-flex;
  display: -ms-flexbox;
  display: flex;
  -webkit-flex-direction: column;
  -ms-flex-direction: column;
  flex-direction: column;
}

<div
  class="c0"
/>
`;
