// Jest Snapshot v1, https://goo.gl/fbAQLP

exports[`<HomePage /> should render and match the snapshot 1`] = `
<React.Fragment>
  <Helmet
    defer={true}
    encodeSpecialCharacters={true}
  >
    <title>
      Wallet2
    </title>
    <meta
      content="The application for budget management"
      name="Wallet2 application for budget management"
    />
  </Helmet>
</React.Fragment>
`;
