// Jest Snapshot v1, https://goo.gl/fbAQLP

exports[`<SubmitButton /> should be render and match the snapshot 1`] = `
.c0 {
  -webkit-flex: 1;
  -ms-flex: 1;
  flex: 1;
  background-color: rgba(220,120,95,1);
  border: 1px solid rgba(220,120,95,1);
  border-radius: 0.5rem;
  min-height: 2rem;
}

.c0:hover {
  cursor: pointer;
  background-color: #fab9a9;
}

<button
  class="c0"
/>
`;
